This is pdfTeX, Version 3.141592653-2.6-1.40.24 (TeX Live 2022) (preloaded format=pdflatex 2022.9.15)  26 FEB 2026 14:11
entering extended mode
 restricted \write18 enabled.
 %&-line parsing enabled.
**xpushare-iccic2026.v6-short2.tex
(./xpushare-iccic2026.v6-short2.tex
LaTeX2e <2021-11-15> patch level 1
L3 programming layer <2022-02-24> (./llncs.cls
Document Class: llncs 2024/01/29 v2.24 
 LaTeX document class for Lecture Notes in Computer Science
(f:/texlive/2022/texmf-dist/tex/latex/base/article.cls
Document Class: article 2021/10/04 v1.4n Standard LaTeX document class
(f:/texlive/2022/texmf-dist/tex/latex/base/size10.clo
File: size10.clo 2021/10/04 v1.4n Standard LaTeX file (size option)
)
\c@part=\count185
\c@section=\count186
\c@subsection=\count187
\c@subsubsection=\count188
\c@paragraph=\count189
\c@subparagraph=\count190
\c@figure=\count191
\c@table=\count192
\abovecaptionskip=\skip47
\belowcaptionskip=\skip48
\bibindent=\dimen138
)
(f:/texlive/2022/texmf-dist/tex/latex/tools/multicol.sty
Package: multicol 2021/10/28 v1.9b multicolumn formatting (FMi)
\c@tracingmulticols=\count193
\mult@box=\box50
\multicol@leftmargin=\dimen139
\c@unbalance=\count194
\c@collectmore=\count195
\doublecol@number=\count196
\multicoltolerance=\count197
\multicolpretolerance=\count198
\full@width=\dimen140
\page@free=\dimen141
\premulticols=\dimen142
\postmulticols=\dimen143
\multicolsep=\skip49
\multicolbaselineskip=\skip50
\partial@page=\box51
\last@line=\box52
\maxbalancingoverflow=\dimen144
\mult@rightbox=\box53
\mult@grightbox=\box54
\mult@firstbox=\box55
\mult@gfirstbox=\box56
\@tempa=\box57
\@tempa=\box58
\@tempa=\box59
\@tempa=\box60
\@tempa=\box61
\@tempa=\box62
\@tempa=\box63
\@tempa=\box64
\@tempa=\box65
\@tempa=\box66
\@tempa=\box67
\@tempa=\box68
\@tempa=\box69
\@tempa=\box70
\@tempa=\box71
\@tempa=\box72
\@tempa=\box73
\@tempa=\box74
\@tempa=\box75
\@tempa=\box76
\@tempa=\box77
\@tempa=\box78
\@tempa=\box79
\@tempa=\box80
\@tempa=\box81
\@tempa=\box82
\@tempa=\box83
\@tempa=\box84
\@tempa=\box85
\@tempa=\box86
\@tempa=\box87
\@tempa=\box88
\@tempa=\box89
\@tempa=\box90
\@tempa=\box91
\@tempa=\box92
\c@minrows=\count199
\c@columnbadness=\count266
\c@finalcolumnbadness=\count267
\last@try=\dimen145
\multicolovershoot=\dimen146
\multicolundershoot=\dimen147
\mult@nat@firstbox=\box93
\colbreak@box=\box94
\mc@col@check@num=\count268
)
(f:/texlive/2022/texmf-dist/tex/latex/oberdiek/aliascnt.sty
Package: aliascnt 2018/09/07 v1.5 Alias counters (HO)
)
\c@chapter=\count269
LaTeX Font Info:    Redeclaring math symbol \Gamma on input line 379.
LaTeX Font Info:    Redeclaring math symbol \Delta on input line 380.
LaTeX Font Info:    Redeclaring math symbol \Theta on input line 381.
LaTeX Font Info:    Redeclaring math symbol \Lambda on input line 382.
LaTeX Font Info:    Redeclaring math symbol \Xi on input line 383.
LaTeX Font Info:    Redeclaring math symbol \Pi on input line 384.
LaTeX Font Info:    Redeclaring math symbol \Sigma on input line 385.
LaTeX Font Info:    Redeclaring math symbol \Upsilon on input line 386.
LaTeX Font Info:    Redeclaring math symbol \Phi on input line 387.
LaTeX Font Info:    Redeclaring math symbol \Psi on input line 388.
LaTeX Font Info:    Redeclaring math symbol \Omega on input line 389.
LaTeX Info: Redefining \vec on input line 394.
\tocchpnum=\dimen148
\tocsecnum=\dimen149
\tocsectotal=\dimen150
\tocsubsecnum=\dimen151
\tocsubsectotal=\dimen152
\tocsubsubsecnum=\dimen153
\tocsubsubsectotal=\dimen154
\tocparanum=\dimen155
\tocparatotal=\dimen156
\tocsubparanum=\dimen157
\@tempcntc=\count270
\fnindent=\dimen158
\c@@inst=\count271
\c@@auth=\count272
\c@auco=\count273
\instindent=\dimen159
\authrun=\box95
\authorrunning=\toks16
\tocauthor=\toks17
\titrun=\box96
\titlerunning=\toks18
\toctitle=\toks19
\c@theorem=\count274
\c@case=\count275
\c@conjecture=\count276
\c@corollary=\count277
\c@definition=\count278
\c@example=\count279
\c@exercise=\count280
\c@lemma=\count281
\c@note=\count282
\c@problem=\count283
\c@property=\count284
\c@proposition=\count285
\c@question=\count286
\c@solution=\count287
\c@remark=\count288
\headlineindent=\dimen160
)
(f:/texlive/2022/texmf-dist/tex/latex/base/fontenc.sty
Package: fontenc 2021/04/29 v2.0v Standard LaTeX package
)
(f:/texlive/2022/texmf-dist/tex/latex/graphics/graphicx.sty
Package: graphicx 2021/09/16 v1.2d Enhanced LaTeX Graphics (DPC,SPQR)

(f:/texlive/2022/texmf-dist/tex/latex/graphics/keyval.sty
Package: keyval 2014/10/28 v1.15 key=value parser (DPC)
\KV@toks@=\toks20
)
(f:/texlive/2022/texmf-dist/tex/latex/graphics/graphics.sty
Package: graphics 2021/03/04 v1.4d Standard LaTeX Graphics (DPC,SPQR)

(f:/texlive/2022/texmf-dist/tex/latex/graphics/trig.sty
Package: trig 2021/08/11 v1.11 sin cos tan (DPC)
)
(f:/texlive/2022/texmf-dist/tex/latex/graphics-cfg/graphics.cfg
File: graphics.cfg 2016/06/04 v1.11 sample graphics configuration
)
Package graphics Info: Driver file: pdftex.def on input line 107.

(f:/texlive/2022/texmf-dist/tex/latex/graphics-def/pdftex.def
File: pdftex.def 2020/10/05 v1.2a Graphics/color driver for pdftex
))
\Gin@req@height=\dimen161
\Gin@req@width=\dimen162
)
(f:/texlive/2022/texmf-dist/tex/latex/amsmath/amsmath.sty
Package: amsmath 2021/10/15 v2.17l AMS math features
\@mathmargin=\skip51

For additional information on amsmath, use the `?' option.
(f:/texlive/2022/texmf-dist/tex/latex/amsmath/amstext.sty
Package: amstext 2021/08/26 v2.01 AMS text

(f:/texlive/2022/texmf-dist/tex/latex/amsmath/amsgen.sty
File: amsgen.sty 1999/11/30 v2.0 generic functions
\@emptytoks=\toks21
\ex@=\dimen163
))
(f:/texlive/2022/texmf-dist/tex/latex/amsmath/amsbsy.sty
Package: amsbsy 1999/11/29 v1.2d Bold Symbols
\pmbraise@=\dimen164
)
(f:/texlive/2022/texmf-dist/tex/latex/amsmath/amsopn.sty
Package: amsopn 2021/08/26 v2.02 operator names
)
\inf@bad=\count289
LaTeX Info: Redefining \frac on input line 234.
\uproot@=\count290
\leftroot@=\count291
LaTeX Info: Redefining \overline on input line 399.
\classnum@=\count292
\DOTSCASE@=\count293
LaTeX Info: Redefining \ldots on input line 496.
LaTeX Info: Redefining \dots on input line 499.
LaTeX Info: Redefining \cdots on input line 620.
\Mathstrutbox@=\box97
\strutbox@=\box98
\big@size=\dimen165
LaTeX Font Info:    Redeclaring font encoding OML on input line 743.
LaTeX Font Info:    Redeclaring font encoding OMS on input line 744.


Package amsmath Warning: Unable to redefine math accent \vec.

\macc@depth=\count294
\c@MaxMatrixCols=\count295
\dotsspace@=\muskip16
\c@parentequation=\count296
\dspbrk@lvl=\count297
\tag@help=\toks22
\row@=\count298
\column@=\count299
\maxfields@=\count300
\andhelp@=\toks23
\eqnshift@=\dimen166
\alignsep@=\dimen167
\tagshift@=\dimen168
\tagwidth@=\dimen169
\totwidth@=\dimen170
\lineht@=\dimen171
\@envbody=\toks24
\multlinegap=\skip52
\multlinetaggap=\skip53
\mathdisplay@stack=\toks25
LaTeX Info: Redefining \[ on input line 2938.
LaTeX Info: Redefining \] on input line 2939.
) (f:/texlive/2022/texmf-dist/tex/latex/booktabs/booktabs.sty
Package: booktabs 2020/01/12 v1.61803398 Publication quality tables
\heavyrulewidth=\dimen172
\lightrulewidth=\dimen173
\cmidrulewidth=\dimen174
\belowrulesep=\dimen175
\belowbottomsep=\dimen176
\aboverulesep=\dimen177
\abovetopsep=\dimen178
\cmidrulesep=\dimen179
\cmidrulekern=\dimen180
\defaultaddspace=\dimen181
\@cmidla=\count301
\@cmidlb=\count302
\@aboverulesep=\dimen182
\@belowrulesep=\dimen183
\@thisruleclass=\count303
\@lastruleclass=\count304
\@thisrulewidth=\dimen184
)
(f:/texlive/2022/texmf-dist/tex/latex/url/url.sty
\Urlmuskip=\muskip17
Package: url 2013/09/16  ver 3.4  Verb mode for urls, etc.
)
(f:/texlive/2022/texmf-dist/tex/latex/xcolor/xcolor.sty
Package: xcolor 2021/10/31 v2.13 LaTeX color extensions (UK)

(f:/texlive/2022/texmf-dist/tex/latex/graphics-cfg/color.cfg
File: color.cfg 2016/01/02 v1.6 sample color configuration
)
Package xcolor Info: Driver file: pdftex.def on input line 227.
Package xcolor Info: Model `cmy' substituted by `cmy0' on input line 1352.
Package xcolor Info: Model `hsb' substituted by `rgb' on input line 1356.
Package xcolor Info: Model `RGB' extended on input line 1368.
Package xcolor Info: Model `HTML' substituted by `rgb' on input line 1370.
Package xcolor Info: Model `Hsb' substituted by `hsb' on input line 1371.
Package xcolor Info: Model `tHsb' substituted by `hsb' on input line 1372.
Package xcolor Info: Model `HSB' substituted by `hsb' on input line 1373.
Package xcolor Info: Model `Gray' substituted by `gray' on input line 1374.
Package xcolor Info: Model `wave' substituted by `hsb' on input line 1375.
)
(f:/texlive/2022/texmf-dist/tex/latex/listings/listings.sty
\lst@mode=\count305
\lst@gtempboxa=\box99
\lst@token=\toks26
\lst@length=\count306
\lst@currlwidth=\dimen185
\lst@column=\count307
\lst@pos=\count308
\lst@lostspace=\dimen186
\lst@width=\dimen187
\lst@newlines=\count309
\lst@lineno=\count310
\lst@maxwidth=\dimen188

(f:/texlive/2022/texmf-dist/tex/latex/listings/lstmisc.sty
File: lstmisc.sty 2020/03/24 1.8d (Carsten Heinz)
\c@lstnumber=\count311
\lst@skipnumbers=\count312
\lst@framebox=\box100
)
(f:/texlive/2022/texmf-dist/tex/latex/listings/listings.cfg
File: listings.cfg 2020/03/24 1.8d listings configuration
))
Package: listings 2020/03/24 1.8d (Carsten Heinz)

(f:/texlive/2022/texmf-dist/tex/latex/l3backend/l3backend-pdftex.def
File: l3backend-pdftex.def 2022-02-07 L3 backend support: PDF output (pdfTeX)
\l__color_backend_stack_int=\count313
\l__pdf_internal_box=\box101
)
(./xpushare-iccic2026.v6-short2.aux)
\openout1 = `xpushare-iccic2026.v6-short2.aux'.

LaTeX Font Info:    Checking defaults for OML/cmm/m/it on input line 22.
LaTeX Font Info:    ... okay on input line 22.
LaTeX Font Info:    Checking defaults for OMS/cmsy/m/n on input line 22.
LaTeX Font Info:    ... okay on input line 22.
LaTeX Font Info:    Checking defaults for OT1/cmr/m/n on input line 22.
LaTeX Font Info:    ... okay on input line 22.
LaTeX Font Info:    Checking defaults for T1/cmr/m/n on input line 22.
LaTeX Font Info:    ... okay on input line 22.
LaTeX Font Info:    Checking defaults for TS1/cmr/m/n on input line 22.
LaTeX Font Info:    ... okay on input line 22.
LaTeX Font Info:    Checking defaults for OMX/cmex/m/n on input line 22.
LaTeX Font Info:    ... okay on input line 22.
LaTeX Font Info:    Checking defaults for U/cmr/m/n on input line 22.
LaTeX Font Info:    ... okay on input line 22.

(f:/texlive/2022/texmf-dist/tex/context/base/mkii/supp-pdf.mkii
[Loading MPS to PDF converter (version 2006.09.02).]
\scratchcounter=\count314
\scratchdimen=\dimen189
\scratchbox=\box102
\nofMPsegments=\count315
\nofMParguments=\count316
\everyMPshowfont=\toks27
\MPscratchCnt=\count317
\MPscratchDim=\dimen190
\MPnumerator=\count318
\makeMPintoPDFobject=\count319
\everyMPtoPDFconversion=\toks28
) (f:/texlive/2022/texmf-dist/tex/latex/epstopdf-pkg/epstopdf-base.sty
Package: epstopdf-base 2020-01-24 v2.11 Base part for package epstopdf
Package epstopdf-base Info: Redefining graphics rule for `.eps' on input line 4
85.

(f:/texlive/2022/texmf-dist/tex/latex/latexconfig/epstopdf-sys.cfg
File: epstopdf-sys.cfg 2010/07/13 v1.3 Configuration of (r)epstopdf for TeX Liv
e
))
\c@lstlisting=\count320

Overfull \hbox (2.89023pt too wide) in paragraph at lines 37--57
[]\T1/cmr/m/n/9 Cloud-native clus-ters in-creas-ingly re-quire GPU shar-ing acr
oss
 []

[1

{f:/texlive/2022/texmf-var/fonts/map/pdftex/updmap/pdftex.map}]
Overfull \hbox (5.95581pt too wide) in paragraph at lines 107--114
\T1/cmr/m/n/10 across run-times and toolchains (vari-able names and index-vs-UU
ID se-man-tics) [15,
 []


Overfull \hbox (2.33833pt too wide) in paragraph at lines 131--134
[]\T1/cmr/bx/n/10 Configurable in-ter-cep-tion bound-ary with mutual-exclusion 
en-force-
 []


Overfull \hbox (2.73962pt too wide) in paragraph at lines 131--134
\T1/cmr/m/n/10 sion, pro-vide pro-file/ob-serve/en-force three-stage modes, and
 guar-an-tee single-
 []

[2]
LaTeX Font Info:    Trying to load font information for T1+cmtt on input line 1
43.
 (f:/texlive/2022/texmf-dist/tex/latex/base/t1cmtt.fd
File: t1cmtt.fd 2019/12/16 v2.5j Standard LaTeX font definitions
)
Overfull \hbox (2.04486pt too wide) in paragraph at lines 197--200
[]\T1/cmr/m/n/10 XPUShare ad-dresses these chal-lenges with ex-plicit con-tract
s and staged bring-
 []

[3]
<figures//fig1-architecture.png, id=22, 1419.80438pt x 750.55406pt>
File: figures//fig1-architecture.png Graphic file (type png)
<use figures//fig1-architecture.png>
Package pdftex.def Info: figures//fig1-architecture.png  used on input line 232
.
(pdftex.def)             Requested size: 347.12354pt x 183.49223pt.

Overfull \hbox (3.12427pt too wide) in paragraph at lines 239--246
\T1/cmr/m/n/10 an op-tional execution-side in-ter-cep-tion/ar-bi-tra-tion layer
 that sup-ports pro-file/ob-
 []

[4 <./figures//fig1-architecture.png (PNG copy)>] [5] [6] [7]
Overfull \hbox (2.56775pt too wide) in paragraph at lines 413--422
\T1/cmr/m/n/10 con-sis-tently ob-served sub-stan-tial kernel-launch ac-tiv-ity 
(mean 9448.33, CV 0.010)
 []

[8] [9]
Underfull \hbox (badness 10000) in paragraph at lines 558--558
[]\T1/cmr/m/n/9 Control-plane-only
 []

[10]
Overfull \hbox (8.56738pt too wide) in paragraph at lines 631--645
\T1/cmr/m/n/10 when dis-cov-ery schemas and container-visible bind-ing con-ven-
tions drift. Execution-
 []

[11]
Underfull \hbox (badness 10000) in paragraph at lines 684--687
[]\T1/cmr/m/n/9 Kubernetes: De-vice Plu-g-ins. $\T1/cmtt/m/n/9 https : / / kube
rnetes . io / docs / concepts /
 []


Underfull \hbox (badness 3428) in paragraph at lines 684--687
\T1/cmtt/m/n/9 extend-[]kubernetes / compute-[]storage-[]net / device-[]plugins
/$ \T1/cmr/m/n/9 (2026), ac-cessed
 []


Underfull \hbox (badness 3049) in paragraph at lines 704--707
[]\T1/cmr/m/n/9 Hsieh, T.-T., Lee, C.-R.: Voda: A GPU Schedul-ing Plat-form for
 Elas-
 []


Underfull \hbox (badness 10000) in paragraph at lines 704--707
\T1/cmr/m/n/9 tic Deep Learn-ing in Ku-ber-netes Clus-ters. In: IEEE IC2E (2023
).
 []


Underfull \hbox (badness 10000) in paragraph at lines 709--712
[]\T1/cmr/m/n/9 Strati, F., Ma, X., Klimovic, A.: Orion: Interference-aware, Fi
ne-
 []


Underfull \hbox (badness 10000) in paragraph at lines 709--712
\T1/cmr/m/n/9 grained GPU Shar-ing for ML Ap-pli-ca-tions. In: Eu-roSys (2024).

 []

[12]
Underfull \hbox (badness 10000) in paragraph at lines 763--767
[]\T1/cmr/m/n/9 PaddleOCR: PaddleOCR-VL MetaX GPU de-ploy-ment guide
 []


Underfull \hbox (badness 2393) in paragraph at lines 763--767
\T1/cmr/m/n/9 (MACA_VISIBLE_DEVICES ex-am-ples). $\T1/cmtt/m/n/9 http : / / www
 . paddleocr . ai / latest /
 []


Underfull \hbox (badness 10000) in paragraph at lines 763--767
\T1/cmtt/m/n/9 en / version3 . x / pipeline _ usage / PaddleOCR-[]VL-[]MetaX-[]
GPU . html$ \T1/cmr/m/n/9 (2026), ac-
 []

[13] (./xpushare-iccic2026.v6-short2.aux) ) 
Here is how much of TeX's memory you used:
 4751 strings out of 478268
 67906 string characters out of 5850345
 380035 words of memory out of 5000000
 22926 multiletter control sequences out of 15000+600000
 479800 words of font info for 50 fonts, out of 8000000 for 9000
 1141 hyphenation exceptions out of 8191
 55i,12n,62p,419b,327s stack positions out of 10000i,1000n,20000p,200000b,200000s
{f:/texlive/2022/texmf-dist/fonts/en
c/dvips/cm-super/cm-super-t1.enc}{f:/texlive/2022/texmf-dist/fonts/enc/dvips/cm
-super/cm-super-ts1.enc}<f:/texlive/2022/texmf-dist/fonts/type1/public/amsfonts
/cm/cmex10.pfb><f:/texlive/2022/texmf-dist/fonts/type1/public/amsfonts/cm/cmmi1
0.pfb><f:/texlive/2022/texmf-dist/fonts/type1/public/amsfonts/cm/cmmi6.pfb><f:/
texlive/2022/texmf-dist/fonts/type1/public/amsfonts/cm/cmmi7.pfb><f:/texlive/20
22/texmf-dist/fonts/type1/public/amsfonts/cm/cmmi9.pfb><f:/texlive/2022/texmf-d
ist/fonts/type1/public/amsfonts/cm/cmr10.pfb><f:/texlive/2022/texmf-dist/fonts/
type1/public/amsfonts/cm/cmr7.pfb><f:/texlive/2022/texmf-dist/fonts/type1/publi
c/amsfonts/cm/cmr9.pfb><f:/texlive/2022/texmf-dist/fonts/type1/public/amsfonts/
cm/cmsy10.pfb><f:/texlive/2022/texmf-dist/fonts/type1/public/amsfonts/cm/cmsy9.
pfb><f:/texlive/2022/texmf-dist/fonts/type1/public/cm-super/sfbx0900.pfb><f:/te
xlive/2022/texmf-dist/fonts/type1/public/cm-super/sfbx1000.pfb><f:/texlive/2022
/texmf-dist/fonts/type1/public/cm-super/sfbx1200.pfb><f:/texlive/2022/texmf-dis
t/fonts/type1/public/cm-super/sfbx1440.pfb><f:/texlive/2022/texmf-dist/fonts/ty
pe1/public/cm-super/sfrm0900.pfb><f:/texlive/2022/texmf-dist/fonts/type1/public
/cm-super/sfrm1000.pfb><f:/texlive/2022/texmf-dist/fonts/type1/public/cm-super/
sfti1000.pfb><f:/texlive/2022/texmf-dist/fonts/type1/public/cm-super/sftt0900.p
fb><f:/texlive/2022/texmf-dist/fonts/type1/public/cm-super/sftt1000.pfb>
Output written on xpushare-iccic2026.v6-short2.pdf (13 pages, 491131 bytes).
PDF statistics:
 148 PDF objects out of 1000 (max. 8388607)
 92 compressed objects within 1 object stream
 0 named destinations out of 1000 (max. 500000)
 6 words of extra memory for PDF output out of 10000 (max. 10000000)

